<?xml version="1.0" encoding="utf-8"?>
<test-run id="2" testcasecount="3" result="Passed" total="3" passed="3" failed="0" inconclusive="0" skipped="0" asserts="0" engine-version="3.5.0.0" clr-version="4.0.30319.42000" start-time="2022-09-15 15:54:47Z" end-time="2022-09-15 15:54:48Z" duration="1,0483383">
  <test-suite type="TestSuite" id="1000" name="UnitTesting" fullname="UnitTesting" runstate="Runnable" testcasecount="3" result="Passed" start-time="2022-09-15 15:54:47Z" end-time="2022-09-15 15:54:48Z" duration="1.048338" total="3" passed="3" failed="0" inconclusive="0" skipped="0" asserts="0">
    <properties />
    <test-suite type="Assembly" id="1006" name="PlayModeTests.dll" fullname="C:/Users/xmymo/Documents/Personal/Projects/UnitTesting/Library/ScriptAssemblies/PlayModeTests.dll" runstate="Runnable" testcasecount="3" result="Passed" start-time="2022-09-15 15:54:47Z" end-time="2022-09-15 15:54:48Z" duration="1.041215" total="3" passed="3" failed="0" inconclusive="0" skipped="0" asserts="0">
      <properties>
        <property name="_PID" value="11708" />
        <property name="_APPDOMAIN" value="Unity Child Domain" />
        <property name="platform" value="PlayMode" />
      </properties>
      <test-suite type="TestFixture" id="1001" name="GravityManagerTests" fullname="GravityManagerTests" classname="GravityManagerTests" runstate="Runnable" testcasecount="1" result="Passed" start-time="2022-09-15 15:54:47Z" end-time="2022-09-15 15:54:47Z" duration="0.029108" total="1" passed="1" failed="0" inconclusive="0" skipped="0" asserts="0">
        <properties />
        <test-case id="1002" name="TestGravityManager" fullname="GravityManagerTests.TestGravityManager" methodname="TestGravityManager" classname="GravityManagerTests" runstate="Runnable" seed="1594568965" result="Passed" start-time="2022-09-15 15:54:47Z" end-time="2022-09-15 15:54:47Z" duration="0.016976" asserts="0">
          <properties>
            <property name="_JOINTYPE" value="UnityCombinatorial" />
          </properties>
        </test-case>
      </test-suite>
      <test-suite type="TestFixture" id="1003" name="PlayerBodyTests" fullname="PlayerBodyTests" classname="PlayerBodyTests" runstate="Runnable" testcasecount="2" result="Passed" start-time="2022-09-15 15:54:47Z" end-time="2022-09-15 15:54:48Z" duration="1.010713" total="2" passed="2" failed="0" inconclusive="0" skipped="0" asserts="0">
        <properties />
        <test-case id="1005" name="PlayerBodyTestMaxSpeed" fullname="PlayerBodyTests.PlayerBodyTestMaxSpeed" methodname="PlayerBodyTestMaxSpeed" classname="PlayerBodyTests" runstate="Runnable" seed="1862674549" result="Passed" start-time="2022-09-15 15:54:47Z" end-time="2022-09-15 15:54:48Z" duration="1.008208" asserts="0">
          <properties>
            <property name="_JOINTYPE" value="UnityCombinatorial" />
          </properties>
        </test-case>
        <test-case id="1004" name="PlayerBodyTestRigidbody" fullname="PlayerBodyTests.PlayerBodyTestRigidbody" methodname="PlayerBodyTestRigidbody" classname="PlayerBodyTests" runstate="Runnable" seed="217806045" result="Passed" start-time="2022-09-15 15:54:48Z" end-time="2022-09-15 15:54:48Z" duration="0.001721" asserts="0">
          <properties>
            <property name="_JOINTYPE" value="UnityCombinatorial" />
          </properties>
        </test-case>
      </test-suite>
    </test-suite>
  </test-suite>
</test-run>